// Jest Snapshot v1, https://goo.gl/fbAQLP

exports[`footer should render the footer legal panel 1`] = `
"<div data-test-id=\\"legal-panel\\" class=\\"nhsuk-u-padding-bottom-3 nhsuk-width-container\\">
        <span class=\\"nhsuk-u-margin-right-2\\">Legal</span>
        <span class=\\"nhsuk-u-margin-right-2\\"><a href=\\"https://digital.nhs.uk/about-nhs-digital/privacy-and-cookies\\">Privacy and Cookies</a></span>
        <span class=\\"nhsuk-u-margin-right-2\\"><a href=\\"/document/terms-of-use.pdf\\">Terms and Conditions</a></span>
      </div>"
`;

exports[`footer should render the footer panel 1`] = `
"<div data-test-id=\\"footer-component\\">
      <footer role=\\"contentinfo\\">
  <div class=\\"nhsuk-footer\\" id=\\"nhsuk-footer\\">
    <div class=\\"nhsuk-width-container\\">
      <h2 class=\\"nhsuk-u-visually-hidden\\">Support links</h2>
      <ul class=\\"nhsuk-footer__list nhsuk-footer__list--three-columns\\">
        <li class=\\"nhsuk-footer__list-item\\"><a class=\\"nhsuk-footer__list-item-link\\" href=\\"/guide\\">Buyer's Guide</a></li>
        <li class=\\"nhsuk-footer__list-item\\"><a class=\\"nhsuk-footer__list-item-link\\" href=\\"/guide#contact-us\\">NHS Digital Helpdesk</a></li>
        <li class=\\"nhsuk-footer__list-item\\"><a class=\\"nhsuk-footer__list-item-link\\" href=\\"https://digital.nhs.uk/\\">NHS Digital</a></li>
        <li class=\\"nhsuk-footer__list-item\\"><a class=\\"nhsuk-footer__list-item-link\\" href=\\"https://digital.nhs.uk/services/future-gp-it-systems-and-services\\">About GP IT Futures</a></li>
        <li class=\\"nhsuk-footer__list-item\\"><a class=\\"nhsuk-footer__list-item-link\\" href=\\"https://gpitbjss.atlassian.net/wiki/spaces/GPITF/overview\\">Capabilities &amp; Standards Model</a></li>
      </ul>
      
      <p class=\\"nhsuk-footer__copyright\\">Â© Crown copyright</p>
    </div>
  </div>
</footer>

    </div>"
`;
